2026-05-24 10:59:07,096 - INFO - Total Dataset       patient_id  age  gender  pregnancies   bmi  skin_thickness_mm  ...  physical_activity  smoking_status  family_history_diabetes  hypertension     diagnosis  diagnosis_code
0         D00001   56    Male            0  36.2               10.9  ...          Sedentary           Never                        0             0  Pre-Diabetes               1
1         D00002   69  Female            2  15.0               24.1  ...              Light           Never                        1             0      Diabetes               2
2         D00003   46    Male            0  25.7               44.5  ...              Light           Never                        1             0  Pre-Diabetes               1
3         D00004   32    Male            0  27.7               33.5  ...              Light           Never                        0             0       Healthy               0
4         D00005   60  Female            0  28.1               12.4  ...          Sedentary         Current                        0             0  Pre-Diabetes               1
...          ...  ...     ...          ...   ...                ...  ...                ...             ...                      ...           ...           ...             ...
14995     D14996   19  Female            2  33.2               30.9  ...          Sedentary           Never                        0             0       Healthy               0
14996     D14997   33  Female            2   NaN               33.5  ...              Light          Former                        1             0  Pre-Diabetes               1
14997     D14998   48  Female            4  22.6               18.3  ...          Sedentary           Never                        1             0      Diabetes               2
14998     D14999   23  Female            1  28.8               31.7  ...             Active           Never                        1             0  Pre-Diabetes               1
14999     D15000   70    Male            0  23.7               17.7  ...          Sedentary          Former                        1             1      Diabetes               2

[15000 rows x 23 columns]
2026-05-24 10:59:07,097 - INFO - patient_id -> 0
2026-05-24 10:59:07,097 - INFO - age -> 0
2026-05-24 10:59:07,097 - INFO - gender -> 0
2026-05-24 10:59:07,097 - INFO - pregnancies -> 0
2026-05-24 10:59:07,097 - INFO - bmi -> 2250
2026-05-24 10:59:07,097 - INFO - skin_thickness_mm -> 0
2026-05-24 10:59:07,098 - INFO - sbp_mmhg -> 0
2026-05-24 10:59:07,098 - INFO - dbp_mmhg -> 0
2026-05-24 10:59:07,098 - INFO - glucose_mg_dl -> 0
2026-05-24 10:59:07,098 - INFO - fasting_glucose_mg_dl -> 0
2026-05-24 10:59:07,098 - INFO - ogtt_2hr_mg_dl -> 0
2026-05-24 10:59:07,098 - INFO - hba1c_pct -> 0
2026-05-24 10:59:07,098 - INFO - insulin_mu_l -> 2250
2026-05-24 10:59:07,098 - INFO - ldl_mg_dl -> 0
2026-05-24 10:59:07,098 - INFO - hdl_mg_dl -> 0
2026-05-24 10:59:07,098 - INFO - triglycerides_mg_dl -> 0
2026-05-24 10:59:07,098 - INFO - creatinine_mg_dl -> 0
2026-05-24 10:59:07,099 - INFO - physical_activity -> 0
2026-05-24 10:59:07,099 - INFO - smoking_status -> 0
2026-05-24 10:59:07,099 - INFO - family_history_diabetes -> 0
2026-05-24 10:59:07,099 - INFO - hypertension -> 0
2026-05-24 10:59:07,100 - INFO - diagnosis -> 0
2026-05-24 10:59:07,100 - INFO - diagnosis_code -> 0
2026-05-24 10:59:07,100 - INFO - checking the X columns Index(['age', 'gender', 'pregnancies', 'bmi', 'skin_thickness_mm', 'sbp_mmhg',
       'dbp_mmhg', 'glucose_mg_dl', 'fasting_glucose_mg_dl', 'ogtt_2hr_mg_dl',
       'hba1c_pct', 'insulin_mu_l', 'ldl_mg_dl', 'hdl_mg_dl',
       'triglycerides_mg_dl', 'creatinine_mg_dl', 'physical_activity',
       'smoking_status', 'family_history_diabetes', 'hypertension',
       'diagnosis'],
      dtype='str')
2026-05-24 10:59:07,101 - INFO - checking the y columns 0        1
1        2
2        1
3        0
4        1
        ..
14995    0
14996    1
14997    2
14998    1
14999    2
Name: diagnosis_code, Length: 15000, dtype: int64
2026-05-24 10:59:07,104 - INFO - ================  Train ==============
2026-05-24 10:59:07,104 - INFO - age -> 0
2026-05-24 10:59:07,104 - INFO - ================= Test ====================
2026-05-24 10:59:07,104 - INFO - age -> 0
2026-05-24 10:59:07,104 - INFO - ================  Train ==============
2026-05-24 10:59:07,105 - INFO - gender -> 0
2026-05-24 10:59:07,105 - INFO - ================= Test ====================
2026-05-24 10:59:07,105 - INFO - gender -> 0
2026-05-24 10:59:07,105 - INFO - ================  Train ==============
2026-05-24 10:59:07,105 - INFO - pregnancies -> 0
2026-05-24 10:59:07,105 - INFO - ================= Test ====================
2026-05-24 10:59:07,105 - INFO - pregnancies -> 0
2026-05-24 10:59:07,105 - INFO - ================  Train ==============
2026-05-24 10:59:07,105 - INFO - bmi -> 1808
2026-05-24 10:59:07,105 - INFO - ================= Test ====================
2026-05-24 10:59:07,106 - INFO - bmi -> 442
2026-05-24 10:59:07,106 - INFO - ================  Train ==============
2026-05-24 10:59:07,106 - INFO - skin_thickness_mm -> 0
2026-05-24 10:59:07,106 - INFO - ================= Test ====================
2026-05-24 10:59:07,106 - INFO - skin_thickness_mm -> 0
2026-05-24 10:59:07,106 - INFO - ================  Train ==============
2026-05-24 10:59:07,106 - INFO - sbp_mmhg -> 0
2026-05-24 10:59:07,106 - INFO - ================= Test ====================
2026-05-24 10:59:07,106 - INFO - sbp_mmhg -> 0
2026-05-24 10:59:07,106 - INFO - ================  Train ==============
2026-05-24 10:59:07,106 - INFO - dbp_mmhg -> 0
2026-05-24 10:59:07,106 - INFO - ================= Test ====================
2026-05-24 10:59:07,106 - INFO - dbp_mmhg -> 0
2026-05-24 10:59:07,106 - INFO - ================  Train ==============
2026-05-24 10:59:07,106 - INFO - glucose_mg_dl -> 0
2026-05-24 10:59:07,106 - INFO - ================= Test ====================
2026-05-24 10:59:07,106 - INFO - glucose_mg_dl -> 0
2026-05-24 10:59:07,106 - INFO - ================  Train ==============
2026-05-24 10:59:07,106 - INFO - fasting_glucose_mg_dl -> 0
2026-05-24 10:59:07,106 - INFO - ================= Test ====================
2026-05-24 10:59:07,106 - INFO - fasting_glucose_mg_dl -> 0
2026-05-24 10:59:07,106 - INFO - ================  Train ==============
2026-05-24 10:59:07,106 - INFO - ogtt_2hr_mg_dl -> 0
2026-05-24 10:59:07,106 - INFO - ================= Test ====================
2026-05-24 10:59:07,107 - INFO - ogtt_2hr_mg_dl -> 0
2026-05-24 10:59:07,107 - INFO - ================  Train ==============
2026-05-24 10:59:07,107 - INFO - hba1c_pct -> 0
2026-05-24 10:59:07,107 - INFO - ================= Test ====================
2026-05-24 10:59:07,107 - INFO - hba1c_pct -> 0
2026-05-24 10:59:07,107 - INFO - ================  Train ==============
2026-05-24 10:59:07,107 - INFO - insulin_mu_l -> 1791
2026-05-24 10:59:07,107 - INFO - ================= Test ====================
2026-05-24 10:59:07,107 - INFO - insulin_mu_l -> 459
2026-05-24 10:59:07,107 - INFO - ================  Train ==============
2026-05-24 10:59:07,107 - INFO - ldl_mg_dl -> 0
2026-05-24 10:59:07,107 - INFO - ================= Test ====================
2026-05-24 10:59:07,107 - INFO - ldl_mg_dl -> 0
2026-05-24 10:59:07,107 - INFO - ================  Train ==============
2026-05-24 10:59:07,107 - INFO - hdl_mg_dl -> 0
2026-05-24 10:59:07,107 - INFO - ================= Test ====================
2026-05-24 10:59:07,107 - INFO - hdl_mg_dl -> 0
2026-05-24 10:59:07,107 - INFO - ================  Train ==============
2026-05-24 10:59:07,107 - INFO - triglycerides_mg_dl -> 0
2026-05-24 10:59:07,107 - INFO - ================= Test ====================
2026-05-24 10:59:07,107 - INFO - triglycerides_mg_dl -> 0
2026-05-24 10:59:07,107 - INFO - ================  Train ==============
2026-05-24 10:59:07,108 - INFO - creatinine_mg_dl -> 0
2026-05-24 10:59:07,108 - INFO - ================= Test ====================
2026-05-24 10:59:07,108 - INFO - creatinine_mg_dl -> 0
2026-05-24 10:59:07,108 - INFO - ================  Train ==============
2026-05-24 10:59:07,108 - INFO - physical_activity -> 0
2026-05-24 10:59:07,108 - INFO - ================= Test ====================
2026-05-24 10:59:07,108 - INFO - physical_activity -> 0
2026-05-24 10:59:07,108 - INFO - ================  Train ==============
2026-05-24 10:59:07,108 - INFO - smoking_status -> 0
2026-05-24 10:59:07,108 - INFO - ================= Test ====================
2026-05-24 10:59:07,109 - INFO - smoking_status -> 0
2026-05-24 10:59:07,109 - INFO - ================  Train ==============
2026-05-24 10:59:07,109 - INFO - family_history_diabetes -> 0
2026-05-24 10:59:07,109 - INFO - ================= Test ====================
2026-05-24 10:59:07,109 - INFO - family_history_diabetes -> 0
2026-05-24 10:59:07,109 - INFO - ================  Train ==============
2026-05-24 10:59:07,109 - INFO - hypertension -> 0
2026-05-24 10:59:07,109 - INFO - ================= Test ====================
2026-05-24 10:59:07,109 - INFO - hypertension -> 0
2026-05-24 10:59:07,109 - INFO - ================  Train ==============
2026-05-24 10:59:07,109 - INFO - diagnosis -> 0
2026-05-24 10:59:07,109 - INFO - ================= Test ====================
2026-05-24 10:59:07,109 - INFO - diagnosis -> 0
2026-05-24 10:59:07,118 - INFO - After applying the random sample imputation for Train Checking
2026-05-24 10:59:07,118 - INFO - age -> 0
2026-05-24 10:59:07,119 - INFO - gender -> 0
2026-05-24 10:59:07,119 - INFO - pregnancies -> 0
2026-05-24 10:59:07,119 - INFO - skin_thickness_mm -> 0
2026-05-24 10:59:07,119 - INFO - sbp_mmhg -> 0
2026-05-24 10:59:07,119 - INFO - dbp_mmhg -> 0
2026-05-24 10:59:07,119 - INFO - glucose_mg_dl -> 0
2026-05-24 10:59:07,119 - INFO - fasting_glucose_mg_dl -> 0
2026-05-24 10:59:07,119 - INFO - ogtt_2hr_mg_dl -> 0
2026-05-24 10:59:07,119 - INFO - hba1c_pct -> 0
2026-05-24 10:59:07,119 - INFO - ldl_mg_dl -> 0
2026-05-24 10:59:07,119 - INFO - hdl_mg_dl -> 0
2026-05-24 10:59:07,119 - INFO - triglycerides_mg_dl -> 0
2026-05-24 10:59:07,119 - INFO - creatinine_mg_dl -> 0
2026-05-24 10:59:07,119 - INFO - physical_activity -> 0
2026-05-24 10:59:07,119 - INFO - smoking_status -> 0
2026-05-24 10:59:07,119 - INFO - family_history_diabetes -> 0
2026-05-24 10:59:07,119 - INFO - hypertension -> 0
2026-05-24 10:59:07,120 - INFO - diagnosis -> 0
2026-05-24 10:59:07,120 - INFO - bmi_ran -> 0
2026-05-24 10:59:07,120 - INFO - insulin_mu_l_ran -> 0
2026-05-24 10:59:07,120 - INFO - After applying the random sample imputation for Test Checking
2026-05-24 10:59:07,120 - INFO - age -> 0
2026-05-24 10:59:07,121 - INFO - gender -> 0
2026-05-24 10:59:07,121 - INFO - pregnancies -> 0
2026-05-24 10:59:07,121 - INFO - skin_thickness_mm -> 0
2026-05-24 10:59:07,121 - INFO - sbp_mmhg -> 0
2026-05-24 10:59:07,121 - INFO - dbp_mmhg -> 0
2026-05-24 10:59:07,121 - INFO - glucose_mg_dl -> 0
2026-05-24 10:59:07,121 - INFO - fasting_glucose_mg_dl -> 0
2026-05-24 10:59:07,121 - INFO - ogtt_2hr_mg_dl -> 0
2026-05-24 10:59:07,121 - INFO - hba1c_pct -> 0
2026-05-24 10:59:07,121 - INFO - ldl_mg_dl -> 0
2026-05-24 10:59:07,121 - INFO - hdl_mg_dl -> 0
2026-05-24 10:59:07,121 - INFO - triglycerides_mg_dl -> 0
2026-05-24 10:59:07,122 - INFO - creatinine_mg_dl -> 0
2026-05-24 10:59:07,122 - INFO - physical_activity -> 0
2026-05-24 10:59:07,122 - INFO - smoking_status -> 0
2026-05-24 10:59:07,122 - INFO - family_history_diabetes -> 0
2026-05-24 10:59:07,122 - INFO - hypertension -> 0
2026-05-24 10:59:07,122 - INFO - diagnosis -> 0
2026-05-24 10:59:07,122 - INFO - bmi_ran -> 0
2026-05-24 10:59:07,122 - INFO - insulin_mu_l_ran -> 0
2026-05-24 10:59:07,122 - INFO - ================ Data Splitting =======================================
2026-05-24 10:59:07,122 - INFO - Before splitting the Train columns Index(['age', 'gender', 'pregnancies', 'skin_thickness_mm', 'sbp_mmhg',
       'dbp_mmhg', 'glucose_mg_dl', 'fasting_glucose_mg_dl', 'ogtt_2hr_mg_dl',
       'hba1c_pct', 'ldl_mg_dl', 'hdl_mg_dl', 'triglycerides_mg_dl',
       'creatinine_mg_dl', 'physical_activity', 'smoking_status',
       'family_history_diabetes', 'hypertension', 'diagnosis', 'bmi_ran',
       'insulin_mu_l_ran'],
      dtype='str')
2026-05-24 10:59:07,122 - INFO - Before splitting the Test columns Index(['age', 'gender', 'pregnancies', 'skin_thickness_mm', 'sbp_mmhg',
       'dbp_mmhg', 'glucose_mg_dl', 'fasting_glucose_mg_dl', 'ogtt_2hr_mg_dl',
       'hba1c_pct', 'ldl_mg_dl', 'hdl_mg_dl', 'triglycerides_mg_dl',
       'creatinine_mg_dl', 'physical_activity', 'smoking_status',
       'family_history_diabetes', 'hypertension', 'diagnosis', 'bmi_ran',
       'insulin_mu_l_ran'],
      dtype='str')
2026-05-24 10:59:07,123 - INFO - After splitting the Train numerical columns Index(['age', 'pregnancies', 'skin_thickness_mm', 'sbp_mmhg', 'dbp_mmhg',
       'glucose_mg_dl', 'fasting_glucose_mg_dl', 'ogtt_2hr_mg_dl', 'hba1c_pct',
       'ldl_mg_dl', 'hdl_mg_dl', 'triglycerides_mg_dl', 'creatinine_mg_dl',
       'family_history_diabetes', 'hypertension', 'bmi_ran',
       'insulin_mu_l_ran'],
      dtype='str') : 
 (12000, 17)
2026-05-24 10:59:07,123 - INFO - After splitting the Train categorical  columns Index(['gender', 'physical_activity', 'smoking_status', 'diagnosis'], dtype='str') : 
 (12000, 4)
2026-05-24 10:59:07,123 - INFO - After splitting the Test numerical columns Index(['age', 'pregnancies', 'skin_thickness_mm', 'sbp_mmhg', 'dbp_mmhg',
       'glucose_mg_dl', 'fasting_glucose_mg_dl', 'ogtt_2hr_mg_dl', 'hba1c_pct',
       'ldl_mg_dl', 'hdl_mg_dl', 'triglycerides_mg_dl', 'creatinine_mg_dl',
       'family_history_diabetes', 'hypertension', 'bmi_ran',
       'insulin_mu_l_ran'],
      dtype='str') : 
 (3000, 17)
2026-05-24 10:59:07,123 - INFO - After splitting the Test categorical  columns Index(['gender', 'physical_activity', 'smoking_status', 'diagnosis'], dtype='str') : 
 (3000, 4)
2026-05-24 10:59:07,123 - INFO - ================ Variable & Outlier & Feature Selection =======================================
2026-05-24 10:59:07,123 - INFO - Before apply Train numerical columns and shapes 
 : Index(['age', 'pregnancies', 'skin_thickness_mm', 'sbp_mmhg', 'dbp_mmhg',
       'glucose_mg_dl', 'fasting_glucose_mg_dl', 'ogtt_2hr_mg_dl', 'hba1c_pct',
       'ldl_mg_dl', 'hdl_mg_dl', 'triglycerides_mg_dl', 'creatinine_mg_dl',
       'family_history_diabetes', 'hypertension', 'bmi_ran',
       'insulin_mu_l_ran'],
      dtype='str') : (12000, 17)
2026-05-24 10:59:07,123 - INFO - Before apply Test numerical columns and shapes  
 : Index(['age', 'pregnancies', 'skin_thickness_mm', 'sbp_mmhg', 'dbp_mmhg',
       'glucose_mg_dl', 'fasting_glucose_mg_dl', 'ogtt_2hr_mg_dl', 'hba1c_pct',
       'ldl_mg_dl', 'hdl_mg_dl', 'triglycerides_mg_dl', 'creatinine_mg_dl',
       'family_history_diabetes', 'hypertension', 'bmi_ran',
       'insulin_mu_l_ran'],
      dtype='str') : (3000, 17)
2026-05-24 10:59:07,290 - INFO - After apply Train numerical columns and shapes variable Transformation 
 : Index(['family_history_diabetes_tri', 'glucose_mg_dlyeo_tri',
       'fasting_glucose_mg_dlyeo_tri', 'ogtt_2hr_mg_dlyeo_tri',
       'hba1c_pctyeo_tri', 'age_CapMS', 'sbp_mmhgyeo_CapMS',
       'bmi_ranyeo_CapMS'],
      dtype='str') : (12000, 8)
2026-05-24 10:59:07,290 - INFO - After apply Test numerical columns and shapes variable Transformation 
 : Index(['family_history_diabetes_tri', 'glucose_mg_dlyeo_tri',
       'fasting_glucose_mg_dlyeo_tri', 'ogtt_2hr_mg_dlyeo_tri',
       'hba1c_pctyeo_tri', 'age_CapMS', 'sbp_mmhgyeo_CapMS',
       'bmi_ranyeo_CapMS'],
      dtype='str') : (3000, 8)
2026-05-24 10:59:07,290 - INFO - ================  Cat to NUmerical Columns =======================================
2026-05-24 10:59:07,290 - INFO - Before apply Cat to Numerical Train numerical columns and shapes 
 : Index(['gender', 'physical_activity', 'smoking_status', 'diagnosis'], dtype='str') : (12000, 4)
2026-05-24 10:59:07,290 - INFO - Before apply Cat to Numerical Test numerical columns and shapes  
 : Index(['gender', 'physical_activity', 'smoking_status', 'diagnosis'], dtype='str') : (3000, 4)
2026-05-24 10:59:07,305 - INFO - Total Training Data is : Index(['family_history_diabetes_tri', 'glucose_mg_dlyeo_tri',
       'fasting_glucose_mg_dlyeo_tri', 'ogtt_2hr_mg_dlyeo_tri',
       'hba1c_pctyeo_tri', 'age_CapMS', 'sbp_mmhgyeo_CapMS',
       'bmi_ranyeo_CapMS', 'gender_Male', 'physical_activity_ordinal',
       'smoking_status_ordinal'],
      dtype='str') 
 and it shape : (12000, 11) 
2026-05-24 10:59:07,305 - INFO - Total Testing Data is : Index(['family_history_diabetes_tri', 'glucose_mg_dlyeo_tri',
       'fasting_glucose_mg_dlyeo_tri', 'ogtt_2hr_mg_dlyeo_tri',
       'hba1c_pctyeo_tri', 'age_CapMS', 'sbp_mmhgyeo_CapMS',
       'bmi_ranyeo_CapMS', 'gender_Male', 'physical_activity_ordinal',
       'smoking_status_ordinal'],
      dtype='str') 
 and it shape : (3000, 11)
2026-05-24 10:59:07,305 - INFO - ========================= Data Balancing ================================
2026-05-24 10:59:07,305 - INFO - Before Data Balanced the Index(['family_history_diabetes_tri', 'glucose_mg_dlyeo_tri',
       'fasting_glucose_mg_dlyeo_tri', 'ogtt_2hr_mg_dlyeo_tri',
       'hba1c_pctyeo_tri', 'age_CapMS', 'sbp_mmhgyeo_CapMS',
       'bmi_ranyeo_CapMS', 'gender_Male', 'physical_activity_ordinal',
       'smoking_status_ordinal'],
      dtype='str') and it is shape (12000, 11)
2026-05-24 10:59:07,364 - INFO - After balancing the data Index(['family_history_diabetes_tri', 'glucose_mg_dlyeo_tri',
       'fasting_glucose_mg_dlyeo_tri', 'ogtt_2hr_mg_dlyeo_tri',
       'hba1c_pctyeo_tri', 'age_CapMS', 'sbp_mmhgyeo_CapMS',
       'bmi_ranyeo_CapMS', 'gender_Male', 'physical_activity_ordinal',
       'smoking_status_ordinal'],
      dtype='str') and it is shape : (14958, 11)
2026-05-24 10:59:07,364 - INFO -  After balancing the data (14958,)
2026-05-24 10:59:07,364 - INFO -  Before applying the feature scaling Training data Index(['family_history_diabetes_tri', 'glucose_mg_dlyeo_tri',
       'fasting_glucose_mg_dlyeo_tri', 'ogtt_2hr_mg_dlyeo_tri',
       'hba1c_pctyeo_tri', 'age_CapMS', 'sbp_mmhgyeo_CapMS',
       'bmi_ranyeo_CapMS', 'gender_Male', 'physical_activity_ordinal',
       'smoking_status_ordinal'],
      dtype='str') and its shape (14958, 11)
2026-05-24 10:59:07,372 - INFO -  Before applying the feature scaling Testing data       family_history_diabetes_tri  glucose_mg_dlyeo_tri  fasting_glucose_mg_dlyeo_tri  ...  gender_Male  physical_activity_ordinal  smoking_status_ordinal
0                             0.0             32.527752                     14.895996  ...          0.0                        3.0                     1.0
1                             1.0             26.988839                     25.833238  ...          0.0                        2.0                     1.0
2                             0.0             20.693034                     20.412838  ...          1.0                        2.0                     2.0
3                             0.0             29.670121                     23.985789  ...          1.0                        2.0                     0.0
4                             0.0             16.877816                     25.314980  ...          1.0                        1.0                     1.0
...                           ...                   ...                           ...  ...          ...                        ...                     ...
2995                          1.0             36.559880                     26.344363  ...          0.0                        0.0                     1.0
2996                          0.0             35.098208                     19.017785  ...          1.0                        1.0                     2.0
2997                          1.0             22.837517                     23.439648  ...          1.0                        3.0                     1.0
2998                          0.0             30.157225                     22.177358  ...          1.0                        1.0                     1.0
2999                          0.0             29.013337                     28.564155  ...          1.0                        1.0                     1.0

[3000 rows x 11 columns] and its shape (3000, 11) 
2026-05-24 10:59:07,419 - INFO - Error in lineno 177 due to <class 'AttributeError'> and Reason 'DIABETES' object has no attribute 'Training_data_bal_sc'
2026-05-24 10:59:07,419 - INFO - Error in lineno 187 due to <class 'AttributeError'> and Reason 'DIABETES' object has no attribute 'Training_data_bal_sc'
2026-05-24 10:59:07,419 - INFO - Error in lineno 194 due to <class 'AttributeError'> and Reason 'DIABETES' object has no attribute 'Training_data_bal_sc'
